Q2: WWPD: Veritasiness
$ python3 ok -q short-circuit -u
=====================================================================
Assignment: Lab 1
OK, version v1.18.1
=====================================================================

~~~~~~~~~~~~~~~~~~~~~~~~~~~~~~~~~~~~~~~~~~~~~~~~~~~~~~~~~~~~~~~~~~~~~
Unlocking tests

At each "? ", type what you would expect the output to be.
Type exit() to quit

---------------------------------------------------------------------
Veritasiness > Suite 1 > Case 1
(cases remaining: 3)

What would Python display? If you get stuck, try it out in the Python
interpreter!

>>> True and 13
? 13
-- OK! --

>>> False or 0
? 0
-- OK! --

>>> not 10
? false
-- Not quite. Try again! --

? 10
-- Not quite. Try again! --

? 0
-- Not quite. Try again! --

? False
-- OK! --

>>> not None
? True
-- OK! --

---------------------------------------------------------------------
Veritasiness > Suite 1 > Case 2
(cases remaining: 2)

What would Python display? If you get stuck, try it out in the Python
interpreter!

>>> True and 1 / 0 and False  # If this errors, just type Error.
? Error
-- OK! --

>>> True or 1 / 0 or False  # If this errors, just type Error.
? Error
-- Not quite. Try again! --

? True
-- OK! --

>>> True and 0  # If this errors, just type Error.
? 0
-- OK! --

>>> False or 1  # If this errors, just type Error.
? 1
-- OK! --

>>> 1 and 3 and 6 and 10 and 15  # If this errors, just type Error.
? 15
-- OK! --

>>> -1 and 1 > 0 # If this errors, just type Error.
? True
-- OK! --

>>> 0 or False or 2 or 1 / 0  # If this errors, just type Error.
? 2
-- OK! --

---------------------------------------------------------------------
Veritasiness > Suite 2 > Case 1
(cases remaining: 1)

What would Python display? If you get stuck, try it out in the Python
interpreter!

>>> not 0
? True
-- OK! --

>>> (1 + 1) and 1  # If this errors, just type Error. If this is blank, just type Nothing.
? 1
-- OK! --

>>> 1/0 or True  # If this errors, just type Error. If this is blank, just type Nothing.
? Error
-- OK! --

>>> (True or False) and False  # If this errors, just type Error. If this is blank, just type Nothing.
? False
-- OK! --

---------------------------------------------------------------------
OK! All cases for Veritasiness unlocked.

Backup... 100% complete
Backup past deadline by 339 days, 8 hours, 40 minutes, and 57 seconds
Backup successful for user: ____@163.com
