Q2: WWPD: Veritasiness
$ python3 ok -q short-circuit -u
=====================================================================
Assignment: Lab 1
OK, version v1.18.1
=====================================================================

~~~~~~~~~~~~~~~~~~~~~~~~~~~~~~~~~~~~~~~~~~~~~~~~~~~~~~~~~~~~~~~~~~~~~
Unlocking tests

At each "? ", type what you would expect the output to be.
Type exit() to quit

---------------------------------------------------------------------
Veritasiness > Suite 1 > Case 1
(cases remaining: 3)

What would Python display? If you get stuck, try it out in the Python
interpreter!

>>> True and 13
? 13
-- OK! --

>>> False or 0
? 0
-- OK! --

>>> not 10
? false
-- Not quite. Try again! --

? 10
-- Not quite. Try again! --

? 0
-- Not quite. Try again! --

? False
-- OK! --

>>> not None
? True
-- OK! --

---------------------------------------------------------------------
Veritasiness > Suite 1 > Case 2
(cases remaining: 2)

What would Python display? If you get stuck, try it out in the Python
interpreter!

>>> True and 1 / 0 and False  # If this errors, just type Error.
? Error
-- OK! --

>>> True or 1 / 0 or False  # If this errors, just type Error.
? Error
-- Not quite. Try again! --

? True
-- OK! --

>>> True and 0  # If this errors, just type Error.
? 0
-- OK! --

>>> False or 1  # If this errors, just type Error.
? 1
-- OK! --

>>> 1 and 3 and 6 and 10 and 15  # If this errors, just type Error.
? 15
-- OK! --

>>> -1 and 1 > 0 # If this errors, just type Error.
? True
-- OK! --

>>> 0 or False or 2 or 1 / 0  # If this errors, just type Error.
? 2
-- OK! --

---------------------------------------------------------------------
Veritasiness > Suite 2 > Case 1
(cases remaining: 1)

What would Python display? If you get stuck, try it out in the Python
interpreter!

>>> not 0
? True
-- OK! --

>>> (1 + 1) and 1  # If this errors, just type Error. If this is blank, just type Nothing.
? 1
-- OK! --

>>> 1/0 or True  # If this errors, just type Error. If this is blank, just type Nothing.
? Error
-- OK! --

>>> (True or False) and False  # If this errors, just type Error. If this is blank, just type Nothing.
? False
-- OK! --

---------------------------------------------------------------------
OK! All cases for Veritasiness unlocked.

Backup... 100% complete
Backup past deadline by 339 days, 8 hours, 40 minutes, and 57 seconds
Backup successful for user: ____


Q6: WWPD: What If?
$ python3 ok -q if-statements -u
=====================================================================
Assignment: Lab 1
OK, version v1.18.1
=====================================================================

~~~~~~~~~~~~~~~~~~~~~~~~~~~~~~~~~~~~~~~~~~~~~~~~~~~~~~~~~~~~~~~~~~~~~
Unlocking tests

At each "? ", type what you would expect the output to be.
Type exit() to quit

---------------------------------------------------------------------
What If? > Suite 1 > Case 1
(cases remaining: 2)

What would Python display? If you get stuck, try it out in the Python
interpreter!

>>> def ab(c, d):
...     if c > 5:
...         print(c)
...     elif c > 7:
...         print(d)
...     print('foo')
>>> ab(10, 20)
(line 1)? 10
(line 2)? foo
-- OK! --

---------------------------------------------------------------------
What If? > Suite 1 > Case 2
(cases remaining: 1)

What would Python display? If you get stuck, try it out in the Python
interpreter!

>>> def bake(cake, make):
...    if cake == 0:
...        cake = cake + 1
...        print(cake)
...    if cake == 1:
...        print(make)
...    else:
...        return cake
...    return make
>>> bake(0, 29)
(line 1)? 1
(line 2)? 29
(line 3)? 29
-- OK! --

>>> bake(1, "mashed potatoes")
(line 1)? mashed potatoes
(line 2)? mashed potatoes
-- Not quite. Try again! --

(line 1)? mashed potatoes
(line 2)? "mashed potatoes"
-- OK! --

---------------------------------------------------------------------
OK! All cases for What If? unlocked.

Backup... 100% complete
Backup past deadline by 340 days, 8 hours, 27 minutes, and 44 seconds
Backup successful for user: ____
